&&&& RUNNING TensorRT.trtexec [TensorRT v8502] # /usr/src/tensorrt/bin/trtexec --loadEngine=models/ocr/cct_s.engine --dumpProfile --verbose
[10/21/2025-16:00:08] [I] === Model Options ===
[10/21/2025-16:00:08] [I] Format: *
[10/21/2025-16:00:08] [I] Model: 
[10/21/2025-16:00:08] [I] Output:
[10/21/2025-16:00:08] [I] === Build Options ===
[10/21/2025-16:00:08] [I] Max batch: 1
[10/21/2025-16:00:08] [I] Memory Pools: workspace: default, dlaSRAM: default, dlaLocalDRAM: default, dlaGlobalDRAM: default
[10/21/2025-16:00:08] [I] minTiming: 1
[10/21/2025-16:00:08] [I] avgTiming: 8
[10/21/2025-16:00:08] [I] Precision: FP32
[10/21/2025-16:00:08] [I] LayerPrecisions: 
[10/21/2025-16:00:08] [I] Calibration: 
[10/21/2025-16:00:08] [I] Refit: Disabled
[10/21/2025-16:00:08] [I] Sparsity: Disabled
[10/21/2025-16:00:08] [I] Safe mode: Disabled
[10/21/2025-16:00:08] [I] DirectIO mode: Disabled
[10/21/2025-16:00:08] [I] Restricted mode: Disabled
[10/21/2025-16:00:08] [I] Build only: Disabled
[10/21/2025-16:00:08] [I] Save engine: 
[10/21/2025-16:00:08] [I] Load engine: models/ocr/cct_s.engine
[10/21/2025-16:00:08] [I] Profiling verbosity: 0
[10/21/2025-16:00:08] [I] Tactic sources: Using default tactic sources
[10/21/2025-16:00:08] [I] timingCacheMode: local
[10/21/2025-16:00:08] [I] timingCacheFile: 
[10/21/2025-16:00:08] [I] Heuristic: Disabled
[10/21/2025-16:00:08] [I] Preview Features: Use default preview flags.
[10/21/2025-16:00:08] [I] Input(s)s format: fp32:CHW
[10/21/2025-16:00:08] [I] Output(s)s format: fp32:CHW
[10/21/2025-16:00:08] [I] Input build shapes: model
[10/21/2025-16:00:08] [I] Input calibration shapes: model
[10/21/2025-16:00:08] [I] === System Options ===
[10/21/2025-16:00:08] [I] Device: 0
[10/21/2025-16:00:08] [I] DLACore: 
[10/21/2025-16:00:08] [I] Plugins:
[10/21/2025-16:00:08] [I] === Inference Options ===
[10/21/2025-16:00:08] [I] Batch: 1
[10/21/2025-16:00:08] [I] Input inference shapes: model
[10/21/2025-16:00:08] [I] Iterations: 10
[10/21/2025-16:00:08] [I] Duration: 3s (+ 200ms warm up)
[10/21/2025-16:00:08] [I] Sleep time: 0ms
[10/21/2025-16:00:08] [I] Idle time: 0ms
[10/21/2025-16:00:08] [I] Streams: 1
[10/21/2025-16:00:08] [I] ExposeDMA: Disabled
[10/21/2025-16:00:08] [I] Data transfers: Enabled
[10/21/2025-16:00:08] [I] Spin-wait: Disabled
[10/21/2025-16:00:08] [I] Multithreading: Disabled
[10/21/2025-16:00:08] [I] CUDA Graph: Disabled
[10/21/2025-16:00:08] [I] Separate profiling: Disabled
[10/21/2025-16:00:08] [I] Time Deserialize: Disabled
[10/21/2025-16:00:08] [I] Time Refit: Disabled
[10/21/2025-16:00:08] [I] NVTX verbosity: 0
[10/21/2025-16:00:08] [I] Persistent Cache Ratio: 0
[10/21/2025-16:00:08] [I] Inputs:
[10/21/2025-16:00:08] [I] === Reporting Options ===
[10/21/2025-16:00:08] [I] Verbose: Enabled
[10/21/2025-16:00:08] [I] Averages: 10 inferences
[10/21/2025-16:00:08] [I] Percentiles: 90,95,99
[10/21/2025-16:00:08] [I] Dump refittable layers:Disabled
[10/21/2025-16:00:08] [I] Dump output: Disabled
[10/21/2025-16:00:08] [I] Profile: Enabled
[10/21/2025-16:00:08] [I] Export timing to JSON file: 
[10/21/2025-16:00:08] [I] Export output to JSON file: 
[10/21/2025-16:00:08] [I] Export profile to JSON file: 
[10/21/2025-16:00:08] [I] 
[10/21/2025-16:00:08] [I] === Device Information ===
[10/21/2025-16:00:08] [I] Selected Device: Xavier
[10/21/2025-16:00:08] [I] Compute Capability: 7.2
[10/21/2025-16:00:08] [I] SMs: 6
[10/21/2025-16:00:08] [I] Compute Clock Rate: 1.109 GHz
[10/21/2025-16:00:08] [I] Device Global Memory: 14885 MiB
[10/21/2025-16:00:08] [I] Shared Memory per SM: 96 KiB
[10/21/2025-16:00:08] [I] Memory Bus Width: 256 bits (ECC disabled)
[10/21/2025-16:00:08] [I] Memory Clock Rate: 1.109 GHz
[10/21/2025-16:00:08] [I] 
[10/21/2025-16:00:08] [I] TensorRT version: 8.5.2
[10/21/2025-16:00:08] [V] [TRT] Registered plugin creator - ::BatchedNMSDynamic_TRT version 1
[10/21/2025-16:00:08] [V] [TRT] Registered plugin creator - ::BatchedNMS_TRT version 1
[10/21/2025-16:00:08] [V] [TRT] Registered plugin creator - ::BatchTilePlugin_TRT version 1
[10/21/2025-16:00:08] [V] [TRT] Registered plugin creator - ::Clip_TRT version 1
[10/21/2025-16:00:08] [V] [TRT] Registered plugin creator - ::CoordConvAC version 1
[10/21/2025-16:00:08] [V] [TRT] Registered plugin creator - ::CropAndResizeDynamic version 1
[10/21/2025-16:00:08] [V] [TRT] Registered plugin creator - ::CropAndResize version 1
[10/21/2025-16:00:08] [V] [TRT] Registered plugin creator - ::DecodeBbox3DPlugin version 1
[10/21/2025-16:00:08] [V] [TRT] Registered plugin creator - ::DetectionLayer_TRT version 1
[10/21/2025-16:00:08] [V] [TRT] Registered plugin creator - ::EfficientNMS_Explicit_TF_TRT version 1
[10/21/2025-16:00:08] [V] [TRT] Registered plugin creator - ::EfficientNMS_Implicit_TF_TRT version 1
[10/21/2025-16:00:08] [V] [TRT] Registered plugin creator - ::EfficientNMS_ONNX_TRT version 1
[10/21/2025-16:00:08] [V] [TRT] Registered plugin creator - ::EfficientNMS_TRT version 1
[10/21/2025-16:00:08] [V] [TRT] Registered plugin creator - ::FlattenConcat_TRT version 1
[10/21/2025-16:00:08] [V] [TRT] Registered plugin creator - ::GenerateDetection_TRT version 1
[10/21/2025-16:00:08] [V] [TRT] Registered plugin creator - ::GridAnchor_TRT version 1
[10/21/2025-16:00:08] [V] [TRT] Registered plugin creator - ::GridAnchorRect_TRT version 1
[10/21/2025-16:00:08] [V] [TRT] Registered plugin creator - ::GroupNorm version 1
[10/21/2025-16:00:08] [V] [TRT] Registered plugin creator - ::InstanceNormalization_TRT version 1
[10/21/2025-16:00:08] [V] [TRT] Registered plugin creator - ::InstanceNormalization_TRT version 2
[10/21/2025-16:00:08] [V] [TRT] Registered plugin creator - ::LayerNorm version 1
[10/21/2025-16:00:08] [V] [TRT] Registered plugin creator - ::LReLU_TRT version 1
[10/21/2025-16:00:08] [V] [TRT] Registered plugin creator - ::MultilevelCropAndResize_TRT version 1
[10/21/2025-16:00:08] [V] [TRT] Registered plugin creator - ::MultilevelProposeROI_TRT version 1
[10/21/2025-16:00:08] [V] [TRT] Registered plugin creator - ::MultiscaleDeformableAttnPlugin_TRT version 1
[10/21/2025-16:00:08] [V] [TRT] Registered plugin creator - ::NMSDynamic_TRT version 1
[10/21/2025-16:00:08] [V] [TRT] Registered plugin creator - ::NMS_TRT version 1
[10/21/2025-16:00:08] [V] [TRT] Registered plugin creator - ::Normalize_TRT version 1
[10/21/2025-16:00:08] [V] [TRT] Registered plugin creator - ::PillarScatterPlugin version 1
[10/21/2025-16:00:08] [V] [TRT] Registered plugin creator - ::PriorBox_TRT version 1
[10/21/2025-16:00:08] [V] [TRT] Registered plugin creator - ::ProposalDynamic version 1
[10/21/2025-16:00:08] [V] [TRT] Registered plugin creator - ::ProposalLayer_TRT version 1
[10/21/2025-16:00:08] [V] [TRT] Registered plugin creator - ::Proposal version 1
[10/21/2025-16:00:08] [V] [TRT] Registered plugin creator - ::PyramidROIAlign_TRT version 1
[10/21/2025-16:00:08] [V] [TRT] Registered plugin creator - ::Region_TRT version 1
[10/21/2025-16:00:08] [V] [TRT] Registered plugin creator - ::Reorg_TRT version 1
[10/21/2025-16:00:08] [V] [TRT] Registered plugin creator - ::ResizeNearest_TRT version 1
[10/21/2025-16:00:08] [V] [TRT] Registered plugin creator - ::ROIAlign_TRT version 1
[10/21/2025-16:00:08] [V] [TRT] Registered plugin creator - ::RPROI_TRT version 1
[10/21/2025-16:00:08] [V] [TRT] Registered plugin creator - ::ScatterND version 1
[10/21/2025-16:00:08] [V] [TRT] Registered plugin creator - ::SeqLen2Spatial version 1
[10/21/2025-16:00:08] [V] [TRT] Registered plugin creator - ::SpecialSlice_TRT version 1
[10/21/2025-16:00:08] [V] [TRT] Registered plugin creator - ::SplitGeLU version 1
[10/21/2025-16:00:08] [V] [TRT] Registered plugin creator - ::Split version 1
[10/21/2025-16:00:08] [V] [TRT] Registered plugin creator - ::VoxelGeneratorPlugin version 1
[10/21/2025-16:00:08] [I] Engine loaded in 0.0203322 sec.
[10/21/2025-16:00:09] [I] [TRT] Loaded engine size: 6 MiB
[10/21/2025-16:00:09] [W] [TRT] Using an engine plan file across different models of devices is not recommended and is likely to affect performance or even cause errors.
[10/21/2025-16:00:09] [V] [TRT] Deserialization required 36022 microseconds.
[10/21/2025-16:00:09] [I] [TRT] [MemUsageChange] TensorRT-managed allocation in engine deserialization: CPU +0, GPU +6, now: CPU 0, GPU 6 (MiB)
[10/21/2025-16:00:09] [I] Engine deserialized in 1.73823 sec.
[10/21/2025-16:00:09] [V] [TRT] Total per-runner device persistent memory is 53248
[10/21/2025-16:00:09] [V] [TRT] Total per-runner host persistent memory is 11904
[10/21/2025-16:00:09] [V] [TRT] Allocated activation device memory of size 82112512
[10/21/2025-16:00:11] [I] [TRT] [MemUsageChange] TensorRT-managed allocation in IExecutionContext creation: CPU +0, GPU +78, now: CPU 0, GPU 84 (MiB)
[10/21/2025-16:00:11] [I] Setting persistentCacheLimit to 0 bytes.
[10/21/2025-16:00:11] [V] Using enqueueV3.
[10/21/2025-16:00:11] [I] Using random values for input input
[10/21/2025-16:00:11] [I] Created input binding for input with dimensions 1x64x128x3
[10/21/2025-16:00:11] [I] Using random values for output Identity:0
[10/21/2025-16:00:11] [I] Created output binding for Identity:0 with dimensions 1x9x37
[10/21/2025-16:00:11] [I] Starting inference
[10/21/2025-16:00:14] [I] The e2e network timing is not reported since it is inaccurate due to the extra synchronizations when the profiler is enabled.
[10/21/2025-16:00:14] [I] To show e2e network timing report, add --separateProfileRun to profile layer timing in a separate run or remove --dumpProfile to disable the profiler.
[10/21/2025-16:00:14] [I] 
[10/21/2025-16:00:14] [I] === Profile (320 iterations ) ===
[10/21/2025-16:00:14] [I]                                                                                                                                                                                                                                                                               Layer   Time (ms)   Avg. Time (ms)   Median Time (ms)   Time %
[10/21/2025-16:00:14] [I]                                                                                                                                                                                                                                                       {ForeignNode[CCT_OCR_1/Cast]}       30.24           0.0945             0.0782      1.0
[10/21/2025-16:00:14] [I]                                                                                                                                                                                           CCT_OCR_1/rescaling_1/Cast/x:0 + (Unnamed Layer* 2) [Shuffle] + CCT_OCR_1/rescaling_1/mul       13.21           0.0413             0.0329      0.4
[10/21/2025-16:00:14] [I]                                                                                                                                                                                                                                       CCT_OCR_1/conv_stem_1/conv2d_1/convolution__7       16.79           0.0525             0.0447      0.5
[10/21/2025-16:00:14] [I]                                                                                                                                                                                                                                          CCT_OCR_1/conv_stem_1/conv2d_1/convolution       41.09           0.1284             0.1215      1.3
[10/21/2025-16:00:14] [I]                                                                                                                                                             CCT_OCR_1/conv_stem_1/conv2d_2_1/Gelu/mul/x:0 + (Unnamed Layer* 10) [Shuffle] + CCT_OCR_1/conv_stem_1/conv2d_1/Gelu/mul       11.55           0.0361             0.0354      0.4
[10/21/2025-16:00:14] [I]                                                                                                                                                                                                                                                                      Transpose__108       18.64           0.0582             0.0483      0.6
[10/21/2025-16:00:14] [I]                                                                                                                 ConstantFolding/CCT_OCR_1/transformer_block_4_1/mlp_3_1/dense_8_1/Gelu/truediv_recip:0 + (Unnamed Layer* 7) [Shuffle] + CCT_OCR_1/conv_stem_1/conv2d_1/Gelu/truediv       12.43           0.0388             0.0368      0.4
[10/21/2025-16:00:14] [I]                                                                                                                                                                                                                                                                      Transpose__106       15.07           0.0471             0.0390      0.5
[10/21/2025-16:00:14] [I]  Reformatting CopyNode for Input Tensor 0 to PWN(PWN(CCT_OCR_1/conv_stem_1/conv2d_1/Gelu/Erf, CCT_OCR_1/transformer_block_4_1/mlp_3_1/dense_7_1/Gelu/add/x:0 + (Unnamed Layer* 16) [Shuffle] + CCT_OCR_1/conv_stem_1/conv2d_1/Gelu/add), CCT_OCR_1/conv_stem_1/conv2d_1/Gelu/mul_1)       17.56           0.0549             0.0509      0.6
[10/21/2025-16:00:14] [I]  Reformatting CopyNode for Input Tensor 1 to PWN(PWN(CCT_OCR_1/conv_stem_1/conv2d_1/Gelu/Erf, CCT_OCR_1/transformer_block_4_1/mlp_3_1/dense_7_1/Gelu/add/x:0 + (Unnamed Layer* 16) [Shuffle] + CCT_OCR_1/conv_stem_1/conv2d_1/Gelu/add), CCT_OCR_1/conv_stem_1/conv2d_1/Gelu/mul_1)       16.86           0.0527             0.0505      0.5
[10/21/2025-16:00:14] [I]                                              PWN(PWN(CCT_OCR_1/conv_stem_1/conv2d_1/Gelu/Erf, CCT_OCR_1/transformer_block_4_1/mlp_3_1/dense_7_1/Gelu/add/x:0 + (Unnamed Layer* 16) [Shuffle] + CCT_OCR_1/conv_stem_1/conv2d_1/Gelu/add), CCT_OCR_1/conv_stem_1/conv2d_1/Gelu/mul_1)       34.12           0.1066             0.1003      1.1
[10/21/2025-16:00:14] [I]                                                                                                                                                                                Reformatting CopyNode for Input Tensor 0 to CCT_OCR_1/conv_stem_1/max_blur_pooling2d_1/MaxPool2d__11       17.59           0.0550             0.0540      0.6
[10/21/2025-16:00:14] [I]                                                                                                                                                                                                                            CCT_OCR_1/conv_stem_1/max_blur_pooling2d_1/MaxPool2d__11       25.90           0.0809             0.0763      0.8
[10/21/2025-16:00:14] [I]                                                                                                                                                                                                                                CCT_OCR_1/conv_stem_1/max_blur_pooling2d_1/MaxPool2d       12.96           0.0405             0.0388      0.4
[10/21/2025-16:00:14] [I]                                                                                                                                                                                                                                CCT_OCR_1/conv_stem_1/max_blur_pooling2d_1/depthwise       10.03           0.0313             0.0287      0.3
[10/21/2025-16:00:14] [I]                                                                                                                                                                                            Reformatting CopyNode for Input Tensor 0 to CCT_OCR_1/conv_stem_1/conv2d_1_2/convolution        3.91           0.0122             0.0117      0.1
[10/21/2025-16:00:14] [I]                                                                                                                                                                                                                                        CCT_OCR_1/conv_stem_1/conv2d_1_2/convolution       26.06           0.0814             0.0792      0.8
[10/21/2025-16:00:14] [I]                                                                                                                                                   CCT_OCR_1/conv_stem_1/conv2d_2_1/Gelu/mul/x:0_clone_1 + (Unnamed Layer* 25) [Shuffle] + CCT_OCR_1/conv_stem_1/conv2d_1_2/Gelu/mul        7.23           0.0226             0.0210      0.2
[10/21/2025-16:00:14] [I]                                                                                                                                                                                                                                                                      Transpose__112       12.31           0.0385             0.0375      0.4
[10/21/2025-16:00:14] [I]                                                                                                      ConstantFolding/CCT_OCR_1/transformer_block_4_1/mlp_3_1/dense_8_1/Gelu/truediv_recip:0_clone_1 + (Unnamed Layer* 23) [Shuffle] + CCT_OCR_1/conv_stem_1/conv2d_1_2/Gelu/truediv        6.55           0.0205             0.0199      0.2
[10/21/2025-16:00:14] [I]                                                                                                                                                                                                                                                                      Transpose__110       11.83           0.0370             0.0361      0.4
[10/21/2025-16:00:14] [I]                                PWN(PWN(CCT_OCR_1/conv_stem_1/conv2d_1_2/Gelu/Erf, CCT_OCR_1/transformer_block_4_1/mlp_3_1/dense_7_1/Gelu/add/x:0_clone_1 + (Unnamed Layer* 30) [Shuffle] + CCT_OCR_1/conv_stem_1/conv2d_1_2/Gelu/add), CCT_OCR_1/conv_stem_1/conv2d_1_2/Gelu/mul_1)        9.91           0.0310             0.0285      0.3
[10/21/2025-16:00:14] [I]                                                                                                                                                                                                                                    CCT_OCR_1/conv_stem_1/conv2d_2_1/convolution__26       11.84           0.0370             0.0360      0.4
[10/21/2025-16:00:14] [I]                                                                                                                                                                                                                                        CCT_OCR_1/conv_stem_1/conv2d_2_1/convolution       39.87           0.1246             0.1099      1.3
[10/21/2025-16:00:14] [I]                                                                                                                                                   CCT_OCR_1/conv_stem_1/conv2d_2_1/Gelu/mul/x:0_clone_2 + (Unnamed Layer* 37) [Shuffle] + CCT_OCR_1/conv_stem_1/conv2d_2_1/Gelu/mul        7.27           0.0227             0.0221      0.2
[10/21/2025-16:00:14] [I]                                                                                                                                                                                                                                                                      Transpose__114       14.07           0.0440             0.0428      0.5
[10/21/2025-16:00:14] [I]                                                                                                      ConstantFolding/CCT_OCR_1/transformer_block_4_1/mlp_3_1/dense_8_1/Gelu/truediv_recip:0_clone_2 + (Unnamed Layer* 35) [Shuffle] + CCT_OCR_1/conv_stem_1/conv2d_2_1/Gelu/truediv        9.89           0.0309             0.0230      0.3
[10/21/2025-16:00:14] [I]                                                                                                                                                                                                                                                                      Transpose__116       14.56           0.0455             0.0435      0.5
[10/21/2025-16:00:14] [I]                                PWN(PWN(CCT_OCR_1/conv_stem_1/conv2d_2_1/Gelu/Erf, CCT_OCR_1/transformer_block_4_1/mlp_3_1/dense_7_1/Gelu/add/x:0_clone_2 + (Unnamed Layer* 42) [Shuffle] + CCT_OCR_1/conv_stem_1/conv2d_2_1/Gelu/add), CCT_OCR_1/conv_stem_1/conv2d_2_1/Gelu/mul_1)       10.39           0.0325             0.0305      0.3
[10/21/2025-16:00:14] [I]                                                                                                                                                                                                                                    CCT_OCR_1/conv_stem_1/conv2d_3_1/convolution__30       17.42           0.0544             0.0482      0.6
[10/21/2025-16:00:14] [I]                                                                                                                                                                                            Reformatting CopyNode for Input Tensor 0 to CCT_OCR_1/conv_stem_1/conv2d_3_1/convolution       10.82           0.0338             0.0280      0.3
[10/21/2025-16:00:14] [I]                                                                                                                                                                                                                                        CCT_OCR_1/conv_stem_1/conv2d_3_1/convolution       43.56           0.1361             0.1307      1.4
[10/21/2025-16:00:14] [I]                                                                                                                                                   CCT_OCR_1/conv_stem_1/conv2d_2_1/Gelu/mul/x:0_clone_3 + (Unnamed Layer* 49) [Shuffle] + CCT_OCR_1/conv_stem_1/conv2d_3_1/Gelu/mul       10.72           0.0335             0.0320      0.3
[10/21/2025-16:00:14] [I]                                                                                                                                                                                                                                                                      Transpose__118       11.74           0.0367             0.0353      0.4
[10/21/2025-16:00:14] [I]                                                                                                      ConstantFolding/CCT_OCR_1/transformer_block_4_1/mlp_3_1/dense_8_1/Gelu/truediv_recip:0_clone_3 + (Unnamed Layer* 47) [Shuffle] + CCT_OCR_1/conv_stem_1/conv2d_3_1/Gelu/truediv        9.38           0.0293             0.0289      0.3
[10/21/2025-16:00:14] [I]                                                                                                                                                                                                                                                                      Transpose__120        9.42           0.0294             0.0282      0.3
[10/21/2025-16:00:14] [I]                                PWN(PWN(CCT_OCR_1/conv_stem_1/conv2d_3_1/Gelu/Erf, CCT_OCR_1/transformer_block_4_1/mlp_3_1/dense_7_1/Gelu/add/x:0_clone_3 + (Unnamed Layer* 54) [Shuffle] + CCT_OCR_1/conv_stem_1/conv2d_3_1/Gelu/add), CCT_OCR_1/conv_stem_1/conv2d_3_1/Gelu/mul_1)       15.76           0.0492             0.0462      0.5
[10/21/2025-16:00:14] [I]                                                                                                                                                                                             Reformatting CopyNode for Input Tensor 0 to CCT_OCR_1/patch_extractor_1/convolution__34        8.70           0.0272             0.0267      0.3
[10/21/2025-16:00:14] [I]                                                                                                                                                                                                                                         CCT_OCR_1/patch_extractor_1/convolution__34       10.65           0.0333             0.0307      0.3
[10/21/2025-16:00:14] [I]                                                                                                                                                                                                 Reformatting CopyNode for Input Tensor 0 to CCT_OCR_1/patch_extractor_1/convolution       10.51           0.0328             0.0309      0.3
[10/21/2025-16:00:14] [I]                                                                                                                                                                                                                                             CCT_OCR_1/patch_extractor_1/convolution       38.49           0.1203             0.1172      1.2
[10/21/2025-16:00:14] [I]                                                                                                                                                  {ForeignNode[CCT_OCR_1/transformer_block_6_1/multi_head_attention_5_1/Cast/x:0...CCT_OCR_1/vocab_projection_1/dense_13_1/Softmax]}     2418.38           7.5574             7.1773     78.1
[10/21/2025-16:00:14] [I]                                                                                                                                                                                                                                                                               Total     3095.29           9.6728             9.1795    100.0
[10/21/2025-16:00:14] [I] 
&&&& PASSED TensorRT.trtexec [TensorRT v8502] # /usr/src/tensorrt/bin/trtexec --loadEngine=models/ocr/cct_s.engine --dumpProfile --verbose
